[36m[2025-08-02 09:47:14][0m Executing: pip install -r requirements.txt
Requirement already satisfied: pandas in c:\workspace\flight-fare-dashboard\.venv\lib\site-packages (from -r requirements.txt (line 1)) (2.1.4)
Requirement already satisfied: polars in c:\workspace\flight-fare-dashboard\.venv\lib\site-packages (from -r requirements.txt (line 2)) (1.31.0)
Requirement already satisfied: duckdb in c:\workspace\flight-fare-dashboard\.venv\lib\site-packages (from -r requirements.txt (line 3)) (1.3.2)
Requirement already satisfied: pyarrow in c:\workspace\flight-fare-dashboard\.venv\lib\site-packages (from -r requirements.txt (line 4)) (21.0.0)
Requirement already satisfied: great_expectations in c:\workspace\flight-fare-dashboard\.venv\lib\site-packages (from -r requirements.txt (line 5)) (1.5.7)
Requirement already satisfied: numpy<2,>=1.26.0 in c:\workspace\flight-fare-dashboard\.venv\lib\site-packages (from pandas->-r requirements.txt (line 1)) (1.26.4)
Requirement already satisfied: python-dateutil>=2.8.2 in c:\workspace\flight-fare-dashboard\.venv\lib\site-packages (from pandas->-r requirements.txt (line 1)) (2.9.0.post0)
Requirement already satisfied: pytz>=2020.1 in c:\workspace\flight-fare-dashboard\.venv\lib\site-packages (from pandas->-r requirements.txt (line 1)) (2025.2)
Requirement already satisfied: tzdata>=2022.1 in c:\workspace\flight-fare-dashboard\.venv\lib\site-packages (from pandas->-r requirements.txt (line 1)) (2025.2)
Requirement already satisfied: altair<5.0.0,>=4.2.1 in c:\workspace\flight-fare-dashboard\.venv\lib\site-packages (from great_expectations->-r requirements.txt (line 5)) (4.2.2)
Requirement already satisfied: cryptography>=3.2 in c:\workspace\flight-fare-dashboard\.venv\lib\site-packages (from great_expectations->-r requirements.txt (line 5)) (45.0.5)
Requirement already satisfied: jinja2>=3 in c:\workspace\flight-fare-dashboard\.venv\lib\site-packages (from great_expectations->-r requirements.txt (line 5)) (3.1.6)
Requirement already satisfied: jsonschema>=2.5.1 in c:\workspace\flight-fare-dashboard\.venv\lib\site-packages (from great_expectations->-r requirements.txt (line 5)) (4.25.0)
Requirement already satisfied: marshmallow<4.0.0,>=3.7.1 in c:\workspace\flight-fare-dashboard\.venv\lib\site-packages (from great_expectations->-r requirements.txt (line 5)) (3.26.1)
Requirement already satisfied: mistune>=0.8.4 in c:\workspace\flight-fare-dashboard\.venv\lib\site-packages (from great_expectations->-r requirements.txt (line 5)) (3.1.3)
Requirement already satisfied: packaging in c:\workspace\flight-fare-dashboard\.venv\lib\site-packages (from great_expectations->-r requirements.txt (line 5)) (25.0)
Requirement already satisfied: posthog>3 in c:\workspace\flight-fare-dashboard\.venv\lib\site-packages (from great_expectations->-r requirements.txt (line 5)) (6.3.1)
Requirement already satisfied: pydantic>=1.10.7 in c:\workspace\flight-fare-dashboard\.venv\lib\site-packages (from great_expectations->-r requirements.txt (line 5)) (2.11.7)
Requirement already satisfied: pyparsing>=2.4 in c:\workspace\flight-fare-dashboard\.venv\lib\site-packages (from great_expectations->-r requirements.txt (line 5)) (3.2.3)
Requirement already satisfied: requests>=2.20 in c:\workspace\flight-fare-dashboard\.venv\lib\site-packages (from great_expectations->-r requirements.txt (line 5)) (2.32.4)
Requirement already satisfied: ruamel.yaml>=0.16 in c:\workspace\flight-fare-dashboard\.venv\lib\site-packages (from great_expectations->-r requirements.txt (line 5)) (0.18.14)
Requirement already satisfied: scipy>=1.6.0 in c:\workspace\flight-fare-dashboard\.venv\lib\site-packages (from great_expectations->-r requirements.txt (line 5)) (1.15.3)
Requirement already satisfied: tqdm>=4.59.0 in c:\workspace\flight-fare-dashboard\.venv\lib\site-packages (from great_expectations->-r requirements.txt (line 5)) (4.67.1)
Requirement already satisfied: typing-extensions>=4.1.0 in c:\workspace\flight-fare-dashboard\.venv\lib\site-packages (from great_expectations->-r requirements.txt (line 5)) (4.14.1)
Requirement already satisfied: tzlocal>=1.2 in c:\workspace\flight-fare-dashboard\.venv\lib\site-packages (from great_expectations->-r requirements.txt (line 5)) (5.3.1)
Requirement already satisfied: entrypoints in c:\workspace\flight-fare-dashboard\.venv\lib\site-packages (from altair<5.0.0,>=4.2.1->great_expectations->-r requirements.txt (line 5)) (0.4)
Requirement already satisfied: toolz in c:\workspace\flight-fare-dashboard\.venv\lib\site-packages (from altair<5.0.0,>=4.2.1->great_expectations->-r requirements.txt (line 5)) (1.0.0)
Requirement already satisfied: cffi>=1.14 in c:\workspace\flight-fare-dashboard\.venv\lib\site-packages (from cryptography>=3.2->great_expectations->-r requirements.txt (line 5)) (1.17.1)
Requirement already satisfied: pycparser in c:\workspace\flight-fare-dashboard\.venv\lib\site-packages (from cffi>=1.14->cryptography>=3.2->great_expectations->-r requirements.txt (line 5)) (2.22)
Requirement already satisfied: MarkupSafe>=2.0 in c:\workspace\flight-fare-dashboard\.venv\lib\site-packages (from jinja2>=3->great_expectations->-r requirements.txt (line 5)) (3.0.2)
Requirement already satisfied: attrs>=22.2.0 in c:\workspace\flight-fare-dashboard\.venv\lib\site-packages (from jsonschema>=2.5.1->great_expectations->-r requirements.txt (line 5)) (25.3.0)
Requirement already satisfied: jsonschema-specifications>=2023.03.6 in c:\workspace\flight-fare-dashboard\.venv\lib\site-packages (from jsonschema>=2.5.1->great_expectations->-r requirements.txt (line 5)) (2025.4.1)
Requirement already satisfied: referencing>=0.28.4 in c:\workspace\flight-fare-dashboard\.venv\lib\site-packages (from jsonschema>=2.5.1->great_expectations->-r requirements.txt (line 5)) (0.36.2)
Requirement already satisfied: rpds-py>=0.7.1 in c:\workspace\flight-fare-dashboard\.venv\lib\site-packages (from jsonschema>=2.5.1->great_expectations->-r requirements.txt (line 5)) (0.26.0)
Requirement already satisfied: six>=1.5 in c:\workspace\flight-fare-dashboard\.venv\lib\site-packages (from posthog>3->great_expectations->-r requirements.txt (line 5)) (1.17.0)
Requirement already satisfied: backoff>=1.10.0 in c:\workspace\flight-fare-dashboard\.venv\lib\site-packages (from posthog>3->great_expectations->-r requirements.txt (line 5)) (2.2.1)
Requirement already satisfied: distro>=1.5.0 in c:\workspace\flight-fare-dashboard\.venv\lib\site-packages (from posthog>3->great_expectations->-r requirements.txt (line 5)) (1.9.0)
Requirement already satisfied: charset_normalizer<4,>=2 in c:\workspace\flight-fare-dashboard\.venv\lib\site-packages (from requests>=2.20->great_expectations->-r requirements.txt (line 5)) (3.4.2)
Requirement already satisfied: idna<4,>=2.5 in c:\workspace\flight-fare-dashboard\.venv\lib\site-packages (from requests>=2.20->great_expectations->-r requirements.txt (line 5)) (3.10)
Requirement already satisfied: urllib3<3,>=1.21.1 in c:\workspace\flight-fare-dashboard\.venv\lib\site-packages (from requests>=2.20->great_expectations->-r requirements.txt (line 5)) (2.5.0)
Requirement already satisfied: certifi>=2017.4.17 in c:\workspace\flight-fare-dashboard\.venv\lib\site-packages (from requests>=2.20->great_expectations->-r requirements.txt (line 5)) (2025.7.14)
Requirement already satisfied: annotated-types>=0.6.0 in c:\workspace\flight-fare-dashboard\.venv\lib\site-packages (from pydantic>=1.10.7->great_expectations->-r requirements.txt (line 5)) (0.7.0)
Requirement already satisfied: pydantic-core==2.33.2 in c:\workspace\flight-fare-dashboard\.venv\lib\site-packages (from pydantic>=1.10.7->great_expectations->-r requirements.txt (line 5)) (2.33.2)
Requirement already satisfied: typing-inspection>=0.4.0 in c:\workspace\flight-fare-dashboard\.venv\lib\site-packages (from pydantic>=1.10.7->great_expectations->-r requirements.txt (line 5)) (0.4.1)
Requirement already satisfied: ruamel.yaml.clib>=0.2.7 in c:\workspace\flight-fare-dashboard\.venv\lib\site-packages (from ruamel.yaml>=0.16->great_expectations->-r requirements.txt (line 5)) (0.2.12)
Requirement already satisfied: colorama in c:\workspace\flight-fare-dashboard\.venv\lib\site-packages (from tqdm>=4.59.0->great_expectations->-r requirements.txt (line 5)) (0.4.6)
[36m[2025-08-02 09:47:15][0m Command succeeded: pip install -r requirements.txt
[36m[2025-08-02 09:47:15][0m Executing (non-fatal): python etl/extract_excel.py --source data/raw/airlines_flights_data.csv
2025-08-02 09:47:16,472 | INFO     | Starting extraction from data\raw\airlines_flights_data.csv to data\bronze
2025-08-02 09:47:16,472 | INFO     | Loading raw file (attempt 1): data\raw\airlines_flights_data.csv
2025-08-02 09:47:16,789 | INFO     | Loaded 300153 rows × 12 cols
2025-08-02 09:47:17,123 | INFO     | Wrote bronze Parquet to data\bronze\2025-08
2025-08-02 09:47:17,123 | INFO     | Extraction completed successfully.
[36m[2025-08-02 09:47:17][0m Command succeeded: python etl/extract_excel.py --source data/raw/airlines_flights_data.csv
[36m[2025-08-02 09:47:17][0m Executing (non-fatal): python etl/transform.py
2025-08-02 09:47:17,981 | INFO | Starting transform from data\bronze to data\gold
2025-08-02 09:47:17,982 | INFO | Reading bronze data: data\bronze\2025-08\flights_bronze.parquet
2025-08-02 09:47:18,421 | INFO | Applied all transformations.
2025-08-02 09:47:18,479 | INFO | Null-rate 0.00% within threshold
2025-08-02 09:47:18,838 | INFO | Wrote gold Parquet: data\gold\flights_gold_2025-08-02_0947.parquet
2025-08-02 09:47:18,838 | INFO | Transform completed successfully.
[36m[2025-08-02 09:47:18][0m Command succeeded: python etl/transform.py
[36m[2025-08-02 09:47:19][0m Building UI assets...
[36m[2025-08-02 09:47:19][0m Executing: npm install

up to date, audited 57 packages in 2s

13 packages are looking for funding
  run `npm fund` for details

found 0 vulnerabilities
[36m[2025-08-02 09:47:21][0m Command succeeded: npm install
[36m[2025-08-02 09:47:22][0m Executing: npx tailwindcss -o public/tailwind.css --minify
[3m[1m[34mâ‰ˆ[39m[22m[23m tailwindcss [34mv4.1.11[39m

Done in [34m53ms[39m
[36m[2025-08-02 09:47:23][0m Command succeeded: npx tailwindcss -o public/tailwind.css --minify
[36m[2025-08-02 09:47:23][0m Starting API...
Building...
C:\Workspace\flight-fare-dashboard\api\FlightFareApi.csproj : warning NU1603: FlightFareApi depends on Swashbuckle.AspNetCore (>= 6.6.7) but Swashbuckle.AspNetCore 6.6.7 was not found. An approximate best match of Swashbuckle.AspNetCore 6.7.0 was resolved.
C:\Workspace\flight-fare-dashboard\api\FlightFareApi.csproj : error NU1102: Unable to find package Dapper with version (>= 2.2.0)
C:\Workspace\flight-fare-dashboard\api\FlightFareApi.csproj : error NU1102:   - Found 91 version(s) in nuget.org [ Nearest version: 2.1.66 ]
C:\Workspace\flight-fare-dashboard\api\FlightFareApi.csproj : error NU1102:   - Found 0 version(s) in Microsoft Visual Studio Offline Packages
C:\Workspace\flight-fare-dashboard\api\FlightFareApi.csproj : error NU1102:   - Found 0 version(s) in C:\Program Files\dotnet\library-packs
C:\Workspace\flight-fare-dashboard\api\FlightFareApi.csproj : error NU1102: Unable to find package DuckDB.NET.Data with version (>= 1.3.5)
C:\Workspace\flight-fare-dashboard\api\FlightFareApi.csproj : error NU1102:   - Found 35 version(s) in nuget.org [ Nearest version: 1.3.2 ]
C:\Workspace\flight-fare-dashboard\api\FlightFareApi.csproj : error NU1102:   - Found 0 version(s) in Microsoft Visual Studio Offline Packages
C:\Workspace\flight-fare-dashboard\api\FlightFareApi.csproj : error NU1102:   - Found 0 version(s) in C:\Program Files\dotnet\library-packs
C:\Workspace\flight-fare-dashboard\api\FlightFareApi.csproj : error NU1102: Unable to find package Microsoft.AspNetCore.SignalR with version (>= 7.0.16)
C:\Workspace\flight-fare-dashboard\api\FlightFareApi.csproj : error NU1102:   - Found 16 version(s) in nuget.org [ Nearest version: 1.2.0 ]
C:\Workspace\flight-fare-dashboard\api\FlightFareApi.csproj : error NU1102:   - Found 0 version(s) in Microsoft Visual Studio Offline Packages
C:\Workspace\flight-fare-dashboard\api\FlightFareApi.csproj : error NU1102:   - Found 0 version(s) in C:\Program Files\dotnet\library-packs

The build failed. Fix the build errors and run again.
[36m[2025-08-02 09:47:26][0m Waiting for dashboard...
[36m[2025-08-02 09:47:28][0m Waiting for dashboard...
[36m[2025-08-02 09:47:30][0m Waiting for dashboard...
[36m[2025-08-02 09:47:32][0m Waiting for dashboard...
[36m[2025-08-02 09:47:34][0m Waiting for dashboard...
[36m[2025-08-02 09:47:36][0m Waiting for dashboard...
[36m[2025-08-02 09:47:39][0m Waiting for dashboard...
[36m[2025-08-02 09:47:41][0m Waiting for dashboard...
[36m[2025-08-02 09:47:43][0m Waiting for dashboard...
[36m[2025-08-02 09:47:45][0m Attempting to open dashboard in default browser...
Microsoft Windows [Version 10.0.19045.6093]
(c) Microsoft Corporation. All rights reserved.

C:\Workspace\flight-fare-dashboard>[36m[2025-08-02 09:47:45][0m All done. Access the dashboard at http://localhost:8080
[36m[2025-08-02 09:47:45][0m Stopping...
[36m[2025-08-02 09:47:45][0m \033[31mERROR: script failed at line 1\033[0m
